edu/univ/erp/data/UserDAO.class
edu/univ/erp/ui/SectionManagementPanel$5.class
edu/univ/erp/ui/GradeManagementPanel$1.class
edu/univ/erp/ui/SystemSettingsPanel$1.class
edu/univ/erp/ui/InstructorSectionsPanel$EnrollmentDialog$1.class
edu/univ/erp/data/StudentDAO.class
edu/univ/erp/util/DateUtil.class
edu/univ/erp/ui/CoursePanel.class
edu/univ/erp/service/DatabaseMaintenanceService.class
edu/univ/erp/ui/SystemSettingsPanel$4.class
edu/univ/erp/ui/CourseManagementPanel.class
edu/univ/erp/data/SectionDAO.class
edu/univ/erp/domain/Student.class
edu/univ/erp/ui/RegistrationPanel$2.class
edu/univ/erp/data/GradeDAO.class
edu/univ/erp/ui/InstructorSectionsPanel$1.class
edu/univ/erp/ui/StudentGradesPanel$2.class
edu/univ/erp/ui/CourseManagementPanel$2.class
edu/univ/erp/util/ConfigManager.class
edu/univ/erp/service/DatabaseBackupService$BackupResult.class
edu/univ/erp/ui/StudentDashboard.class
edu/univ/erp/ui/CoursePanel$2.class
edu/univ/erp/domain/Course.class
edu/univ/erp/ui/InstructorSectionsPanel.class
edu/univ/erp/service/GradeService.class
edu/univ/erp/domain/Settings.class
edu/univ/erp/auth/AuthenticationService.class
edu/univ/erp/service/AdminService.class
edu/univ/erp/util/FileUtil.class
edu/univ/erp/access/SessionManager.class
edu/univ/erp/service/ClassMaintenanceService.class
edu/univ/erp/service/DatabaseMaintenanceService$DatabaseSize.class
edu/univ/erp/util/PasswordUtil.class
edu/univ/erp/auth/SecurityConfig.class
edu/univ/erp/ui/GradeManagementPanel$2.class
edu/univ/erp/data/InstructorDAO.class
edu/univ/erp/ui/LoginFrame$LoginAction.class
edu/univ/erp/ui/SectionManagementPanel$1.class
edu/univ/erp/service/DatabaseMaintenanceService$DatabaseSizeInfo.class
edu/univ/erp/ui/CourseManagementPanel$CourseDialog.class
edu/univ/erp/ui/CoursePanel$1.class
edu/univ/erp/ui/AdminDashboard.class
edu/univ/erp/service/InstructorService.class
edu/univ/erp/domain/Enrollment.class
edu/univ/erp/util/ValidationUtil.class
edu/univ/erp/auth/DatabaseAuthenticationProvider.class
edu/univ/erp/ui/SectionManagementPanel$4.class
edu/univ/erp/domain/User.class
edu/univ/erp/ui/InstructorSectionsPanel$2.class
edu/univ/erp/domain/Instructor.class
edu/univ/erp/ui/RegistrationPanel$3.class
edu/univ/erp/service/MaintenanceService.class
edu/univ/erp/util/ReportGenerator.class
edu/univ/erp/ui/SystemSettingsPanel.class
edu/univ/erp/service/EnrollmentService.class
edu/univ/erp/domain/Grade.class
edu/univ/erp/service/DatabaseMaintenanceService$MaintenanceResult.class
edu/univ/erp/data/EnrollmentDAO.class
edu/univ/erp/ui/LoginFrame.class
edu/univ/erp/ui/SystemSettingsPanel$3.class
edu/univ/erp/ui/ChangePasswordDialog$1.class
edu/univ/erp/ui/UserManagementPanel.class
edu/univ/erp/util/EncryptionUtil.class
edu/univ/erp/ui/SectionManagementPanel$3.class
edu/univ/erp/ui/StudentGradesPanel.class
edu/univ/erp/service/StudentService.class
edu/univ/erp/ui/InstructorSectionsPanel$EnrollmentDialog.class
edu/univ/erp/ui/GradeManagementPanel.class
edu/univ/erp/auth/JWTTokenUtil.class
edu/univ/erp/data/DatabaseConnection.class
edu/univ/erp/ui/UserManagementPanel$1.class
edu/univ/erp/util/Logger.class
edu/univ/erp/auth/AuthorizationFilter.class
edu/univ/erp/auth/TokenAuthenticationProvider.class
edu/univ/erp/ui/SectionManagementPanel.class
edu/univ/erp/ui/RegistrationPanel$1.class
edu/univ/erp/auth/PasswordEncoder.class
edu/univ/erp/domain/UserAuth.class
edu/univ/erp/data/CourseDAO.class
edu/univ/erp/access/AccessControl.class
edu/univ/erp/domain/Section.class
edu/univ/erp/ui/SectionManagementPanel$6.class
edu/univ/erp/service/DatabaseBackupService.class
edu/univ/erp/service/DatabaseBackupService$BackupFileInfo.class
edu/univ/erp/ui/StudentGradesPanel$1.class
edu/univ/erp/ui/SectionManagementPanel$2.class
edu/univ/erp/util/CSVUtil.class
edu/univ/erp/ui/ChangePasswordDialog.class
edu/univ/erp/ui/RegistrationPanel.class
edu/univ/erp/data/SettingsDAO.class
edu/univ/erp/auth/AuthenticationFilter.class
edu/univ/erp/ui/CourseManagementPanel$1.class
edu/univ/erp/ui/InstructorDashboard.class
edu/univ/erp/ui/SystemSettingsPanel$2.class
